|-------------------|
|     role_name     |
|-------------------|
| pg_database_owner |
|-------------------|
