|---------------|--------------|--------------|----------------|--------------|-------------------|
| table_catalog | table_schema |  table_name  | privilege_type | is_grantable | role_is_grantable |
|---------------|--------------|--------------|----------------|--------------|-------------------|
| stackql       | pg_catalog   | pg_statistic | UPDATE         | YES          | NO                |
|---------------|--------------|--------------|----------------|--------------|-------------------|
| stackql       | pg_catalog   | pg_statistic | TRUNCATE       | YES          | NO                |
|---------------|--------------|--------------|----------------|--------------|-------------------|
| stackql       | pg_catalog   | pg_statistic | TRIGGER        | YES          | NO                |
|---------------|--------------|--------------|----------------|--------------|-------------------|
| stackql       | pg_catalog   | pg_statistic | SELECT         | YES          | NO                |
|---------------|--------------|--------------|----------------|--------------|-------------------|
| stackql       | pg_catalog   | pg_statistic | REFERENCES     | YES          | NO                |
|---------------|--------------|--------------|----------------|--------------|-------------------|
| stackql       | pg_catalog   | pg_statistic | INSERT         | YES          | NO                |
|---------------|--------------|--------------|----------------|--------------|-------------------|
| stackql       | pg_catalog   | pg_statistic | DELETE         | YES          | NO                |
|---------------|--------------|--------------|----------------|--------------|-------------------|
