|----------------------|
|      role_name       |
|----------------------|
| pg_stat_scan_tables  |
|----------------------|
| pg_read_all_stats    |
|----------------------|
| pg_read_all_settings |
|----------------------|
| pg_database_owner    |
|----------------------|
