|----------------------------|--------|
|           login            | status |
|----------------------------|--------|
| sherlockholmes10@gmail.com | ACTIVE |
|----------------------------|--------|
| sherlockholmes11@gmail.com | ACTIVE |
|----------------------------|--------|
| sherlockholmes12@gmail.com | ACTIVE |
|----------------------------|--------|
| sherlockholmes13@gmail.com | ACTIVE |
|----------------------------|--------|
| sherlockholmes14@gmail.com | ACTIVE |
|----------------------------|--------|
| sherlockholmes15@gmail.com | ACTIVE |
|----------------------------|--------|
| sherlockholmes16@gmail.com | ACTIVE |
|----------------------------|--------|
| sherlockholmes17@gmail.com | ACTIVE |
|----------------------------|--------|
| sherlockholmes18@gmail.com | ACTIVE |
|----------------------------|--------|
| sherlockholmes19@gmail.com | ACTIVE |
|----------------------------|--------|
| sherlockholmes1@gmail.com  | ACTIVE |
|----------------------------|--------|
| sherlockholmes20@gmail.com | ACTIVE |
|----------------------------|--------|
| sherlockholmes21@gmail.com | ACTIVE |
|----------------------------|--------|
| sherlockholmes22@gmail.com | ACTIVE |
|----------------------------|--------|
| sherlockholmes23@gmail.com | ACTIVE |
|----------------------------|--------|
| sherlockholmes24@gmail.com | ACTIVE |
|----------------------------|--------|
| sherlockholmes25@gmail.com | ACTIVE |
|----------------------------|--------|
| sherlockholmes26@gmail.com | ACTIVE |
|----------------------------|--------|
| sherlockholmes27@gmail.com | ACTIVE |
|----------------------------|--------|
| sherlockholmes28@gmail.com | ACTIVE |
|----------------------------|--------|
| sherlockholmes29@gmail.com | ACTIVE |
|----------------------------|--------|
| sherlockholmes2@gmail.com  | ACTIVE |
|----------------------------|--------|
| sherlockholmes30@gmail.com | ACTIVE |
|----------------------------|--------|
| sherlockholmes31@gmail.com | ACTIVE |
|----------------------------|--------|
| sherlockholmes32@gmail.com | ACTIVE |
|----------------------------|--------|
| sherlockholmes33@gmail.com | ACTIVE |
|----------------------------|--------|
| sherlockholmes34@gmail.com | ACTIVE |
|----------------------------|--------|
| sherlockholmes35@gmail.com | ACTIVE |
|----------------------------|--------|
| sherlockholmes36@gmail.com | ACTIVE |
|----------------------------|--------|
| sherlockholmes37@gmail.com | ACTIVE |
|----------------------------|--------|
| sherlockholmes38@gmail.com | ACTIVE |
|----------------------------|--------|
| sherlockholmes39@gmail.com | ACTIVE |
|----------------------------|--------|
| sherlockholmes3@gmail.com  | ACTIVE |
|----------------------------|--------|
| sherlockholmes40@gmail.com | ACTIVE |
|----------------------------|--------|
| sherlockholmes41@gmail.com | ACTIVE |
|----------------------------|--------|
| sherlockholmes42@gmail.com | ACTIVE |
|----------------------------|--------|
| sherlockholmes43@gmail.com | ACTIVE |
|----------------------------|--------|
| sherlockholmes44@gmail.com | ACTIVE |
|----------------------------|--------|
| sherlockholmes45@gmail.com | ACTIVE |
|----------------------------|--------|
| sherlockholmes46@gmail.com | ACTIVE |
|----------------------------|--------|
| sherlockholmes47@gmail.com | ACTIVE |
|----------------------------|--------|
| sherlockholmes48@gmail.com | ACTIVE |
|----------------------------|--------|
| sherlockholmes49@gmail.com | ACTIVE |
|----------------------------|--------|
| sherlockholmes4@gmail.com  | ACTIVE |
|----------------------------|--------|
| sherlockholmes50@gmail.com | ACTIVE |
|----------------------------|--------|
| sherlockholmes5@gmail.com  | ACTIVE |
|----------------------------|--------|
| sherlockholmes6@gmail.com  | ACTIVE |
|----------------------------|--------|
| sherlockholmes7@gmail.com  | ACTIVE |
|----------------------------|--------|
| sherlockholmes8@gmail.com  | ACTIVE |
|----------------------------|--------|
| sherlockholmes9@gmail.com  | ACTIVE |
|----------------------------|--------|