label,st
Okta Admin Console,{"helpUrl":null,"message":null,"network":{"connection":"DISABLED"}}
Okta Browser Plugin,{"helpUrl":null,"message":null,"network":{"connection":"DISABLED"}}
Okta Dashboard,{"helpUrl":null,"message":null,"network":{"connection":"DISABLED"}}
