|--------------|
|    login     |
|--------------|
| octocat-2    |
|--------------|
| octocat-1    |
|--------------|
| mrfootball-2 |
|--------------|
| mrfootball-1 |
|--------------|
| knuckles-2   |
|--------------|
| knuckles-1   |
|--------------|
| decapod-2    |
|--------------|
| decapod-1    |
|--------------|