|--------------------------------------|--------------------------------------------------------------------------------------------------------------------------------------|-----------|
|                 role                 |                                                               members                                                                | condition |
|--------------------------------------|--------------------------------------------------------------------------------------------------------------------------------------|-----------|
| roles/appengine.serviceAgent         | ["serviceAccount:service-1231231231230@gcp-gae-service.iam.gserviceaccount.com"]                                                     | null      |
|--------------------------------------|--------------------------------------------------------------------------------------------------------------------------------------|-----------|
| roles/cloudbuild.builds.builder      | ["serviceAccount:1231231231230@cloudbuild.gserviceaccount.com"]                                                                      | null      |
|--------------------------------------|--------------------------------------------------------------------------------------------------------------------------------------|-----------|
| roles/cloudbuild.serviceAgent        | ["serviceAccount:service-1231231231230@gcp-sa-cloudbuild.iam.gserviceaccount.com"]                                                   | null      |
|--------------------------------------|--------------------------------------------------------------------------------------------------------------------------------------|-----------|
| roles/containerregistry.ServiceAgent | ["serviceAccount:service-1231231231230@containerregistry.iam.gserviceaccount.com"]                                                   | null      |
|--------------------------------------|--------------------------------------------------------------------------------------------------------------------------------------|-----------|
| roles/editor                         | ["serviceAccount:testproject@appspot.gserviceaccount.com"]                                                                           | null      |
|--------------------------------------|--------------------------------------------------------------------------------------------------------------------------------------|-----------|
| roles/firebaserules.system           | ["serviceAccount:service-1231231231230@firebase-rules.iam.gserviceaccount.com"]                                                      | null      |
|--------------------------------------|--------------------------------------------------------------------------------------------------------------------------------------|-----------|
| roles/firestore.serviceAgent         | ["serviceAccount:service-1231231231230@gcp-sa-firestore.iam.gserviceaccount.com"]                                                    | null      |
|--------------------------------------|--------------------------------------------------------------------------------------------------------------------------------------|-----------|
| roles/owner                          | ["serviceAccount:testproject-provisioner@testproject.iam.gserviceaccount.com","user:joeblow@testorg.io","user:johnsmith@testorg.io"] | null      |
|--------------------------------------|--------------------------------------------------------------------------------------------------------------------------------------|-----------|
| roles/pubsub.serviceAgent            | ["serviceAccount:service-1231231231230@gcp-sa-pubsub.iam.gserviceaccount.com"]                                                       | null      |
|--------------------------------------|--------------------------------------------------------------------------------------------------------------------------------------|-----------|