|--------------|----------------------|----------------------|--------------------------------------|
|     name     |       userName       |      externalId      |                  id                  |
|--------------|----------------------|----------------------|--------------------------------------|
| Mona Octocat | octocat@github.com   | 00u1dhhb1fkIGP7RL1d8 | 5fc0c238-1112-11e8-8e45-920c87bdbd75 |
|--------------|----------------------|----------------------|--------------------------------------|
| Crazy Dude   | crazydude@github.com | 00u1dhhb1fkIGP7RL1d9 | 5fc0c238-1112-11e8-8e45-920c87bdbd76 |
|--------------|----------------------|----------------------|--------------------------------------|