|-----------|-------------|
|    id     |    name     |
|-----------|-------------|
| 100000002 | dummyapp.io |
|-----------|-------------|