|---------------------------|----------------|---------------------|---------------|---------------------|
|           name            | extracted_team |     user_suffix     | is_docusaurus | unicode_lib_version |
|---------------------------|----------------|---------------------|---------------|---------------------|
| docusaurus-plugin-hubspot | repos          | username = dummyorg |             1 | 3.35.4              |
|---------------------------|----------------|---------------------|---------------|---------------------|
| dummyapp.io               | repos          | username = dummyorg |             0 | 3.35.4              |
|---------------------------|----------------|---------------------|---------------|---------------------|
| gatsby-plugin-smartlook   | repos          | username = dummyorg |             0 | 3.35.4              |
|---------------------------|----------------|---------------------|---------------|---------------------|
