|-------------------------|---------------------|-------------------------|
|          kind           |        name         | maximumCardsPerInstance |
|-------------------------|---------------------|-------------------------|
| compute#acceleratorType | nvidia-tesla-t4-vws |                       4 |
|-------------------------|---------------------|-------------------------|
| compute#acceleratorType | nvidia-tesla-t4     |                       4 |
|-------------------------|---------------------|-------------------------|
| compute#acceleratorType | nvidia-tesla-p4-vws |                       4 |
|-------------------------|---------------------|-------------------------|
| compute#acceleratorType | nvidia-tesla-p4     |                       4 |
|-------------------------|---------------------|-------------------------|
