|------------------------|---------------|-------------------|
|          name          |     login     | is_two_fa_enabled |
|------------------------|---------------|-------------------|
| monalisa some-jimbo-9  | some-jimbo-9  | null              |
|------------------------|---------------|-------------------|
| monalisa some-jimbo-8  | some-jimbo-8  | null              |
|------------------------|---------------|-------------------|
| monalisa some-jimbo-7  | some-jimbo-7  | null              |
|------------------------|---------------|-------------------|
| monalisa some-jimbo-6  | some-jimbo-6  | null              |
|------------------------|---------------|-------------------|
| monalisa some-jimbo-5  | some-jimbo-5  | null              |
|------------------------|---------------|-------------------|
| monalisa some-jimbo-40 | some-jimbo-40 | null              |
|------------------------|---------------|-------------------|
| monalisa some-jimbo-4  | some-jimbo-4  | null              |
|------------------------|---------------|-------------------|
| monalisa some-jimbo-39 | some-jimbo-39 | null              |
|------------------------|---------------|-------------------|
| monalisa some-jimbo-38 | some-jimbo-38 | null              |
|------------------------|---------------|-------------------|
| monalisa some-jimbo-37 | some-jimbo-37 | null              |
|------------------------|---------------|-------------------|
| monalisa some-jimbo-36 | some-jimbo-36 | null              |
|------------------------|---------------|-------------------|
| monalisa some-jimbo-35 | some-jimbo-35 | null              |
|------------------------|---------------|-------------------|
| monalisa some-jimbo-34 | some-jimbo-34 | null              |
|------------------------|---------------|-------------------|
| monalisa some-jimbo-33 | some-jimbo-33 | null              |
|------------------------|---------------|-------------------|
| monalisa some-jimbo-32 | some-jimbo-32 | null              |
|------------------------|---------------|-------------------|
| monalisa some-jimbo-31 | some-jimbo-31 | null              |
|------------------------|---------------|-------------------|
| monalisa some-jimbo-30 | some-jimbo-30 | null              |
|------------------------|---------------|-------------------|
| monalisa some-jimbo-3  | some-jimbo-3  | null              |
|------------------------|---------------|-------------------|
| monalisa some-jimbo-29 | some-jimbo-29 | null              |
|------------------------|---------------|-------------------|
| monalisa some-jimbo-28 | some-jimbo-28 | null              |
|------------------------|---------------|-------------------|
| monalisa some-jimbo-27 | some-jimbo-27 | null              |
|------------------------|---------------|-------------------|
| monalisa some-jimbo-26 | some-jimbo-26 | null              |
|------------------------|---------------|-------------------|
| monalisa some-jimbo-25 | some-jimbo-25 | null              |
|------------------------|---------------|-------------------|
| monalisa some-jimbo-24 | some-jimbo-24 | null              |
|------------------------|---------------|-------------------|
| monalisa some-jimbo-23 | some-jimbo-23 | null              |
|------------------------|---------------|-------------------|
| monalisa some-jimbo-22 | some-jimbo-22 | null              |
|------------------------|---------------|-------------------|
| monalisa some-jimbo-21 | some-jimbo-21 | null              |
|------------------------|---------------|-------------------|
| monalisa some-jimbo-20 | some-jimbo-20 | null              |
|------------------------|---------------|-------------------|
| monalisa some-jimbo-2  | some-jimbo-2  | null              |
|------------------------|---------------|-------------------|
| monalisa some-jimbo-19 | some-jimbo-19 | null              |
|------------------------|---------------|-------------------|
| monalisa some-jimbo-18 | some-jimbo-18 | null              |
|------------------------|---------------|-------------------|
| monalisa some-jimbo-17 | some-jimbo-17 | null              |
|------------------------|---------------|-------------------|
| monalisa some-jimbo-16 | some-jimbo-16 | null              |
|------------------------|---------------|-------------------|
| monalisa some-jimbo-15 | some-jimbo-15 | null              |
|------------------------|---------------|-------------------|
| monalisa some-jimbo-14 | some-jimbo-14 | null              |
|------------------------|---------------|-------------------|
| monalisa some-jimbo-13 | some-jimbo-13 | null              |
|------------------------|---------------|-------------------|
| monalisa some-jimbo-12 | some-jimbo-12 | null              |
|------------------------|---------------|-------------------|
| monalisa some-jimbo-11 | some-jimbo-11 | null              |
|------------------------|---------------|-------------------|
| monalisa some-jimbo-10 | some-jimbo-10 | null              |
|------------------------|---------------|-------------------|
| monalisa some-jimbo-1  | some-jimbo-1  | null              |
|------------------------|---------------|-------------------|