|-----------------------------------------------------|--------------------------------------|----------------------|
|                        name                         |                 uid                  |  creationTimestamp   |
|-----------------------------------------------------|--------------------------------------|----------------------|
| eg0-demok8s-demo-cluster-default-pool-9f8f9edf-ivzy | d5626684-69a3-4644-bf2b-a8e67bb44b01 | 2022-05-26T19:18:31Z |
|-----------------------------------------------------|--------------------------------------|----------------------|
| eg0-demok8s-demo-cluster-default-pool-9f8f9edf-vyi1 | b5bae525-1c4d-4c5f-a42d-512a4420cb57 | 2022-05-26T19:22:07Z |
|-----------------------------------------------------|--------------------------------------|----------------------|
| eg0-demok8s-demo-cluster-default-pool-9f8f9edf-ws25 | 5ca798ab-474c-43ea-a8bc-9bc98fa698bc | 2022-05-26T19:14:58Z |
|-----------------------------------------------------|--------------------------------------|----------------------|