MethodName,RequiredParams
delete,"datasetId, projectId"
get,"datasetId, projectId"
insert,"projectId, data__datasetReference"
list,projectId
patch,"datasetId, projectId, data__datasetReference"
update,"datasetId, projectId, data__datasetReference"