MethodName,RequiredParams
delete,bucket
get,bucket
getIamPolicy,bucket
insert,"project, data__name"
list,project
lockRetentionPolicy,"bucket, ifMetagenerationMatch"
patch,bucket
setIamPolicy,"bucket, data__bindings"
testIamPermissions,"bucket, permissions"
update,"bucket, data__acl"