|---------------------------------------------|
|              insert_statement               |
|---------------------------------------------|
| <<<jsonnet {    projectsId: <<              |
| projectsId >>,    data__accountId:          |
|    << data__accountId >>,                   |
| data__serviceAccount:    {    description:  |
| << description >>,    disabled: <<          |
| disabled >>,    displayName: << displayName |
| >>,    email: << email >>,    etag:         |
| << etag >>,    name: << name >>,            |
| oauth2ClientId: << oauth2ClientId >>,       |
| projectId: << projectId >>,    uniqueId:    |
| << uniqueId >>    } } >>> INSERT INTO       |
| google.iam.service_accounts(   projectsId,  |
|   data__accountId,   data__serviceAccount   |
| ) SELECT   '{{ .values.projectsId           |
| }}',   '{{ .values.data__accountId          |
| }}',   '{ "description": "{{                |
| .values.data__serviceAccount.description    |
| }}", "disabled": {{                         |
| .values.data__serviceAccount.disabled       |
| }}, "displayName": "{{                      |
| .values.data__serviceAccount.displayName    |
| }}", "email": "{{                           |
| .values.data__serviceAccount.email          |
| }}", "etag": "{{                            |
| .values.data__serviceAccount.etag           |
| }}", "name": "{{                            |
| .values.data__serviceAccount.name           |
| }}", "oauth2ClientId": "{{                  |
| .values.data__serviceAccount.oauth2ClientId |
| }}", "projectId": "{{                       |
| .values.data__serviceAccount.projectId      |
| }}", "uniqueId": "{{                        |
| .values.data__serviceAccount.uniqueId }}"   |
| }' ;                                        |
|---------------------------------------------|