cannot find matching operation, possible causes include missing required parameters or an unsupported method for the resource, to find required parameters for supported methods run SHOW METHODS IN google.compute.instances_iam_policies: cannot resolve Method