|----------|--------------------------------------------------------------------------------|
| UserName |                                      Arn                                       |
|----------|--------------------------------------------------------------------------------|
| Andrew   | arn:aws:iam::123456789012:user/division_abc/subdivision_xyz/engineering/Andrew |
|----------|--------------------------------------------------------------------------------|
| Jackie   | arn:aws:iam::123456789012:user/division_abc/subdivision_xyz/engineering/Jackie |
|----------|--------------------------------------------------------------------------------|