|---------------|---------------------|---------------------|
|       n       |         id          |        d2_id        |
|---------------|---------------------|---------------------|
| demo-disk-qq1 | 6957941705271944342 | 6957941705271944342 |
|---------------|---------------------|---------------------|
| demo-disk-qq2 | 1624656788334582894 | 1624656788334582894 |
|---------------|---------------------|---------------------|
| demo-disk-xx2 | 3236826943903762397 | 3236826943903762397 |
|---------------|---------------------|---------------------|
| demo-disk-xx3 | 3236826943903762398 | 3236826943903762398 |
|---------------|---------------------|---------------------|
| demo-disk-xx4 | 3236826943903762399 | 3236826943903762399 |
|---------------|---------------------|---------------------|
| demo-disk-xx5 | 3236826943903762400 | 3236826943903762400 |
|---------------|---------------------|---------------------|
