|---------------|---------------------|---------------------|----------|---------------|----------------------|
|     name      |         id          |       d2_name       |  status  |     label     |        d2_id         |
|---------------|---------------------|---------------------|----------|---------------|----------------------|
| demo-disk-xx4 | 3236826943903762399 | oidc_client         | ACTIVE   | demo-disk-xx4 | 0oa3fwm4zsW5jR5V55d7 |
|---------------|---------------------|---------------------|----------|---------------|----------------------|
| demo-disk-xx5 | 3236826943903762400 | template_basic_auth | INACTIVE | demo-disk-xx5 | 0oa3pssr5jYavmnNF5d7 |
|---------------|---------------------|---------------------|----------|---------------|----------------------|
