|---------------|---------------------|-------------------|------------------|
|       n       |         id          |    description    |  s1_description  |
|---------------|---------------------|-------------------|------------------|
| demo-disk-xx5 | 3236826943903762400 | matchable network | matchable subnet |
|---------------|---------------------|-------------------|------------------|
