|---------------|-----------------|------------------------------------------|---------------------|-------------|
| instance_name | instance_status |                commit_sha                |    author_email     | commit_date |
|---------------|-----------------|------------------------------------------|---------------------|-------------|
| instance-1    | RUNNING         | 8d5dc38ef71f6249f7090947bb444ace3d5682c3 | joeblow@example.com | 2022-06-12  |
|---------------|-----------------|------------------------------------------|---------------------|-------------|
| instance-1-b  | RUNNING         | 219001a1ecac6c17e8e3a45f7c9182341e4cf71b | joeblow@example.com | 2022-06-12  |
|---------------|-----------------|------------------------------------------|---------------------|-------------|