|----------|---------|
| provider | version |
|----------|---------|
| github   | v0.3.0  |
|----------|---------|
| google   | v0.1.2  |
|----------|---------|
| netlify  | v0.2.0  |
|----------|---------|
| okta     | v0.1.0  |
|----------|---------|