|----------|--------------------------------|
| provider |            versions            |
|----------|--------------------------------|
| google   | v0.1.0, v0.1.1-alpha01, v0.1.2 |
|----------|--------------------------------|