[
  { "id": "200000001", "name": "docusaurus-plugin-hubspot" },
  { "id": "200000002", "name": "dummyapp.io"               },
  { "id": "200000003", "name": "gatsby-plugin-smartlook"   }
]