|---------------------------------------------------------------------------------------------|--------------|--------------------------------------------------------------------------------------------------------------------|--------------------|----------------------------------------------------------------------------------------------------------------------------------------------|---------------------------------------------------------------------------------------------------------------|----------------------------------------------------|
|                                            zone                                             |     name     |                                                    machineType                                                     | deletionProtection |                                                                    col_1                                                                     |                                                     col_2                                                     |                       labels                       |
|---------------------------------------------------------------------------------------------|--------------|--------------------------------------------------------------------------------------------------------------------|--------------------|----------------------------------------------------------------------------------------------------------------------------------------------|---------------------------------------------------------------------------------------------------------------|----------------------------------------------------|
| https://www.googleapis.com/compute/v1/projects/testing-project/zones/australia-southeast1-a | instance-1-c | https://www.googleapis.com/compute/v1/projects/testing-project/zones/australia-southeast1-a/machineTypes/e2-medium | false              | [{"subnetwork":"https://www.googleapis.com/compute/v1/projects/testing-project/regions/australia-southeast1/subnetworks/my-disk-01-indeed"}] | [{"boot": true, "initializeParams": { "diskSizeGb": "10", "sourceImage":                                      | null                                               |
|                                                                                             |              |                                                                                                                    |                    |                                                                                                                                              | "https://www.googleapis.com/compute/v1/projects/ubuntu-os-cloud/global/images/ubuntu-2004-focal-v20220610"}}] |                                                    |
|---------------------------------------------------------------------------------------------|--------------|--------------------------------------------------------------------------------------------------------------------|--------------------|----------------------------------------------------------------------------------------------------------------------------------------------|---------------------------------------------------------------------------------------------------------------|----------------------------------------------------|
| https://www.googleapis.com/compute/v1/projects/testing-project/zones/australia-southeast1-a | instance-1-b | https://www.googleapis.com/compute/v1/projects/testing-project/zones/australia-southeast1-a/machineTypes/e2-medium | false              | [{"subnetwork":"https://www.googleapis.com/compute/v1/projects/testing-project/regions/australia-southeast1/subnetworks/my-disk-01-indeed"}] | [{"boot": true, "initializeParams": { "diskSizeGb": "10", "sourceImage":                                      | {"sha":"219001a1ecac6c17e8e3a45f7c9182341e4cf71b"} |
|                                                                                             |              |                                                                                                                    |                    |                                                                                                                                              | "https://www.googleapis.com/compute/v1/projects/ubuntu-os-cloud/global/images/ubuntu-2004-focal-v20220610"}}] |                                                    |
|---------------------------------------------------------------------------------------------|--------------|--------------------------------------------------------------------------------------------------------------------|--------------------|----------------------------------------------------------------------------------------------------------------------------------------------|---------------------------------------------------------------------------------------------------------------|----------------------------------------------------|
| https://www.googleapis.com/compute/v1/projects/testing-project/zones/australia-southeast1-a | instance-1   | https://www.googleapis.com/compute/v1/projects/testing-project/zones/australia-southeast1-a/machineTypes/e2-medium | false              | [{"subnetwork":"https://www.googleapis.com/compute/v1/projects/testing-project/regions/australia-southeast1/subnetworks/my-disk-01-indeed"}] | [{"boot": true, "initializeParams": { "diskSizeGb": "10", "sourceImage":                                      | {"sha":"8d5dc38ef71f6249f7090947bb444ace3d5682c3"} |
|                                                                                             |              |                                                                                                                    |                    |                                                                                                                                              | "https://www.googleapis.com/compute/v1/projects/debian-cloud/global/images/debian-11-bullseye-v20220519"}}]   |                                                    |
|---------------------------------------------------------------------------------------------|--------------|--------------------------------------------------------------------------------------------------------------------|--------------------|----------------------------------------------------------------------------------------------------------------------------------------------|---------------------------------------------------------------------------------------------------------------|----------------------------------------------------|