|-------------------------|------------------------------------------|
|       BucketName        |                DomainName                |
|-------------------------|------------------------------------------|
| stackql-trial-bucket-01 | stackql-trial-bucket-01.s3.amazonaws.com |
|-------------------------|------------------------------------------|
