|------|-------------------------|------------|--------------------|---------------------|------------|-----------------|-----------------------|-------------------|-----------------|------------------|------|
| Arn  |       BucketName        | DomainName | RegionalDomainName | DualStackDomainName | WebsiteURL | ObjectOwnership | RestrictPublicBuckets | BlockPublicPolicy | BlockPublicAcls | IgnorePublicAcls | Tags |
|------|-------------------------|------------|--------------------|---------------------|------------|-----------------|-----------------------|-------------------|-----------------|------------------|------|
| null | stackql-trial-bucket-01 | null       | null               | null                | null       | null            | true                  | true              | true            | true             | null |
|------|-------------------------|------------|--------------------|---------------------|------------|-----------------|-----------------------|-------------------|-----------------|------------------|------|
