|--------------------------------------|
|                 Arn                  |
|--------------------------------------|
| arn:aws:s3:::stackql-trial-bucket-01 |
|--------------------------------------|
