|------------|----------------------|
| Identifier |      Properties      |
|------------|----------------------|
| vpc-0005   | {"VpcId":"vpc-0005"} |
|------------|----------------------|
| vpc-0004   | {"VpcId":"vpc-0004"} |
|------------|----------------------|
| vpc-0003   | {"VpcId":"vpc-0003"} |
|------------|----------------------|
| vpc-0002   | {"VpcId":"vpc-0002"} |
|------------|----------------------|
| vpc-0001   | {"VpcId":"vpc-0001"} |
|------------|----------------------|
