|---------------------|-----------------|---------------|------------------------------|--------------|
|      TypeName       | OperationStatus | StatusMessage |          Identifier          | RequestToken |
|---------------------|-----------------|---------------|------------------------------|--------------|
| AWS::Logs::LogGroup | IN_PROGRESS     | null          | LogGroupResourceExampleThird | abc001       |
|---------------------|-----------------|---------------|------------------------------|--------------|
