|--------------------------------------|-------------------------|------------------------------------------|---------------------------------------------------------|-------------------------------------------------------------------|------------------------------------------------------------------------|---------------------|-----------------------|-------------------|-----------------|------------------|------------------------------------------------|
|                 Arn                  |       BucketName        |                DomainName                |                   RegionalDomainName                    |                        DualStackDomainName                        |                               WebsiteURL                               |   ObjectOwnership   | RestrictPublicBuckets | BlockPublicPolicy | BlockPublicAcls | IgnorePublicAcls |                      Tags                      |
|--------------------------------------|-------------------------|------------------------------------------|---------------------------------------------------------|-------------------------------------------------------------------|------------------------------------------------------------------------|---------------------|-----------------------|-------------------|-----------------|------------------|------------------------------------------------|
| arn:aws:s3:::stackql-trial-bucket-01 | stackql-trial-bucket-01 | stackql-trial-bucket-01.s3.amazonaws.com | stackql-trial-bucket-01.s3.ap-southeast-1.amazonaws.com | stackql-trial-bucket-01.s3.dualstack.ap-southeast-1.amazonaws.com | http://stackql-trial-bucket-01.s3-website-ap-southeast-1.amazonaws.com | BucketOwnerEnforced | true                  | true              | true            | true             | [{"Value":"first-ever-bucket","Key":"sundry"}] |
|--------------------------------------|-------------------------|------------------------------------------|---------------------------------------------------------|-------------------------------------------------------------------|------------------------------------------------------------------------|---------------------|-----------------------|-------------------|-----------------|------------------|------------------------------------------------|
