|-------------------------|------------|
|       BucketName        | DomainName |
|-------------------------|------------|
| stackql-trial-bucket-01 | null       |
|-------------------------|------------|
