|---------------------|----------|---------------------|----------------------|
|        name         |  status  |        label        |          id          |
|---------------------|----------|---------------------|----------------------|
| oidc_client         | ACTIVE   | demo-disk-xx4       | 0oa3fwm4zsW5jR5V55d7 |
|---------------------|----------|---------------------|----------------------|
| okta_browser_plugin | ACTIVE   | Okta Browser Plugin | 0oa3cy8k83is5uMwh5d7 |
|---------------------|----------|---------------------|----------------------|
| okta_enduser        | ACTIVE   | Okta Dashboard      | 0oa3cy8k8zaX4fKl15d7 |
|---------------------|----------|---------------------|----------------------|
| saasure             | ACTIVE   | Okta Admin Console  | 0oa3cy8k41YM15j4H5d7 |
|---------------------|----------|---------------------|----------------------|
| template_basic_auth | INACTIVE | demo-disk-xx5       | 0oa3pssr5jYavmnNF5d7 |
|---------------------|----------|---------------------|----------------------|
