The operation was despatched successfully
The operation was despatched successfully
