|-----------|------|--------------|
|    Key    | Size | StorageClass |
|-----------|------|--------------|
| dummy.txt |   13 | STANDARD     |
|-----------|------|--------------|
