|-------------------------|--------------------------|
|          Name           |       CreationDate       |
|-------------------------|--------------------------|
| stackql-trial-bucket-01 | 2022-08-29T12:10:06.000Z |
|-------------------------|--------------------------|
| stackql-trial-bucket-02 | 2022-08-29T12:11:06.000Z |
|-------------------------|--------------------------|
| stackql-trial-bucket-03 | 2022-08-29T12:12:06.000Z |
|-------------------------|--------------------------|